#
# There is insufficient memory for the Java Runtime Environment to continue.
# Native memory allocation (malloc) failed to allocate 1727536 bytes. Error detail: Chunk::new
# Possible reasons:
#   The system is out of physical RAM or swap space
#   This process is running with CompressedOops enabled, and the Java Heap may be blocking the growth of the native heap
# Possible solutions:
#   Reduce memory load on the system
#   Increase physical memory or swap space
#   Check if swap backing store is full
#   Decrease Java heap size (-Xmx/-Xms)
#   Decrease number of Java threads
#   Decrease Java thread stack sizes (-Xss)
#   Set larger code cache with -XX:ReservedCodeCacheSize=
#   JVM is running with Unscaled Compressed Oops mode in which the Java heap is
#     placed in the first 4GB address space. The Java Heap base address is the
#     maximum limit for the native heap growth. Please use -XX:HeapBaseMinAddress
#     to set the Java Heap base and to place the Java Heap above 4GB virtual address.
# This output file may be truncated or incomplete.
#
#  Out of Memory Error (arena.cpp:168), pid=17180, tid=24564
#
# JRE version: OpenJDK Runtime Environment Temurin-21.0.9+10 (21.0.9+10) (build 21.0.9+10-LTS)
# Java VM: OpenJDK 64-Bit Server VM Temurin-21.0.9+10 (21.0.9+10-LTS, mixed mode, sharing, tiered, compressed oops, compressed class ptrs, parallel gc, windows-amd64)
# No core dump will be written. Minidumps are not enabled by default on client versions of Windows
#

---------------  S U M M A R Y ------------

Command Line: --add-modules=ALL-SYSTEM --add-opens=java.base/java.util=ALL-UNNAMED --add-opens=java.base/java.lang=ALL-UNNAMED --add-opens=java.base/sun.nio.fs=ALL-UNNAMED -Declipse.application=org.eclipse.jdt.ls.core.id1 -Dosgi.bundles.defaultStartLevel=4 -Declipse.product=org.eclipse.jdt.ls.core.product -Djava.import.generatesMetadataFilesAtProjectRoot=false -DDetectVMInstallationsJob.disabled=true -Dfile.encoding=utf8 -XX:+UseParallelGC -XX:GCTimeRatio=4 -XX:AdaptiveSizePolicyWeight=90 -Dsun.zip.disableMemoryMapping=true -Xmx2G -Xms100m -Xlog:disable -javaagent:c:\Users\lfcna\.vscode\extensions\redhat.java-1.50.0-win32-x64\lombok\lombok-1.18.39-4050.jar -XX:+HeapDumpOnOutOfMemoryError -XX:HeapDumpPath=c:\Users\lfcna\AppData\Roaming\Code\User\workspaceStorage\b49f469f84d6016e9c3212f2f8b7ca54\redhat.java -Daether.dependencyCollector.impl=bf c:\Users\lfcna\.vscode\extensions\redhat.java-1.50.0-win32-x64\server\plugins\org.eclipse.equinox.launcher_1.7.100.v20251111-0406.jar -configuration c:\Users\lfcna\AppData\Roaming\Code\User\globalStorage\redhat.java\1.50.0\config_win -data c:\Users\lfcna\AppData\Roaming\Code\User\workspaceStorage\b49f469f84d6016e9c3212f2f8b7ca54\redhat.java\jdt_ws --pipe=\\.\pipe\lsp-455f1b437bbb36a265a2f44fdbcad6d1-sock

Host: AMD Ryzen 5 3450U with Radeon Vega Mobile Gfx  , 8 cores, 5G,  Windows 11 , 64 bit Build 26100 (10.0.26100.7019)
Time: Wed Dec  3 15:39:18 2025 Hora oficial do Brasil elapsed time: 216.991546 seconds (0d 0h 3m 36s)

---------------  T H R E A D  ---------------

Current thread (0x00000192fef26a10):  JavaThread "C2 CompilerThread0" daemon [_thread_in_native, id=24564, stack(0x0000006340f00000,0x0000006341000000) (1024K)]


Current CompileTask:
C2:216991 14744       4       org.eclipse.jdt.internal.compiler.parser.Parser::consumeRule (7748 bytes)

Stack: [0x0000006340f00000,0x0000006341000000]
Native frames: (J=compiled Java code, j=interpreted, Vv=VM code, C=native code)
V  [jvm.dll+0x6d6e29]
V  [jvm.dll+0x8b4b76]
V  [jvm.dll+0x8b712e]
V  [jvm.dll+0x8b7813]
V  [jvm.dll+0x283d86]
V  [jvm.dll+0xc66ed]
V  [jvm.dll+0xc6c31]
V  [jvm.dll+0x3be501]
V  [jvm.dll+0x38ab92]
V  [jvm.dll+0x389fda]
V  [jvm.dll+0x24bfa0]
V  [jvm.dll+0x24b580]
V  [jvm.dll+0x1cb13e]
V  [jvm.dll+0x25b29d]
V  [jvm.dll+0x25982a]
V  [jvm.dll+0x3f7ea6]
V  [jvm.dll+0x85e9ad]
V  [jvm.dll+0x6d565d]
C  [ucrtbase.dll+0x37b0]
C  [KERNEL32.DLL+0x2e8d7]
C  [ntdll.dll+0x8c53c]


---------------  P R O C E S S  ---------------

Threads class SMR info:
_java_thread_list=0x00000192d9f16b70, length=55, elements={
0x00000192f923c040, 0x00000192fb53a840, 0x00000192fb53dac0, 0x00000192feef72e0,
0x00000192feef8a50, 0x00000192feefb1a0, 0x00000192fef04670, 0x00000192fef26a10,
0x00000192fef28ab0, 0x00000192d4a33f50, 0x00000192d4bc3ce0, 0x00000192d95a5d00,
0x00000192d4916f90, 0x00000192d97aea80, 0x00000192d961b070, 0x00000192d99a2160,
0x00000192d9403950, 0x00000192d4ba9040, 0x00000192d4bab7a0, 0x00000192d4ba96d0,
0x00000192d4baaa80, 0x00000192d4bab110, 0x00000192d4ba9d60, 0x00000192d4babe30,
0x00000192d4ba89b0, 0x00000192dc6fb600, 0x00000192dc6fbc90, 0x00000192dc6f9bc0,
0x00000192dc6fc9b0, 0x00000192dc6fc320, 0x00000192dc6fd6d0, 0x00000192dc6fa8e0,
0x00000192dc6faf70, 0x00000192dc6fd040, 0x00000192dc6fa250, 0x00000192dc700b50,
0x00000192dc6fe3f0, 0x00000192dc6fdd60, 0x00000192dc7004c0, 0x00000192dc6fea80,
0x00000192dc6ff110, 0x00000192dbf61f90, 0x00000192dbf646f0, 0x00000192dbf63340,
0x00000192dbf639d0, 0x00000192dbf674e0, 0x00000192dbf68200, 0x00000192dbf64d80,
0x00000192dbf65410, 0x00000192dbf68890, 0x00000192dbf66130, 0x00000192dbf67b70,
0x00000192e75f4a50, 0x00000192e75f5770, 0x00000192db5be360
}

Java Threads: ( => current thread )
  0x00000192f923c040 JavaThread "main"                              [_thread_blocked, id=10796, stack(0x0000006340500000,0x0000006340600000) (1024K)]
  0x00000192fb53a840 JavaThread "Reference Handler"          daemon [_thread_blocked, id=24276, stack(0x0000006340900000,0x0000006340a00000) (1024K)]
  0x00000192fb53dac0 JavaThread "Finalizer"                  daemon [_thread_blocked, id=9752, stack(0x0000006340a00000,0x0000006340b00000) (1024K)]
  0x00000192feef72e0 JavaThread "Signal Dispatcher"          daemon [_thread_blocked, id=24100, stack(0x0000006340b00000,0x0000006340c00000) (1024K)]
  0x00000192feef8a50 JavaThread "Attach Listener"            daemon [_thread_blocked, id=14840, stack(0x0000006340c00000,0x0000006340d00000) (1024K)]
  0x00000192feefb1a0 JavaThread "Service Thread"             daemon [_thread_blocked, id=26884, stack(0x0000006340d00000,0x0000006340e00000) (1024K)]
  0x00000192fef04670 JavaThread "Monitor Deflation Thread"   daemon [_thread_blocked, id=10672, stack(0x0000006340e00000,0x0000006340f00000) (1024K)]
=>0x00000192fef26a10 JavaThread "C2 CompilerThread0"         daemon [_thread_in_native, id=24564, stack(0x0000006340f00000,0x0000006341000000) (1024K)]
  0x00000192fef28ab0 JavaThread "C1 CompilerThread0"         daemon [_thread_blocked, id=10540, stack(0x0000006341000000,0x0000006341100000) (1024K)]
  0x00000192d4a33f50 JavaThread "Common-Cleaner"             daemon [_thread_blocked, id=16692, stack(0x0000006341100000,0x0000006341200000) (1024K)]
  0x00000192d4bc3ce0 JavaThread "Notification Thread"        daemon [_thread_blocked, id=24916, stack(0x0000006341200000,0x0000006341300000) (1024K)]
  0x00000192d95a5d00 JavaThread "Active Thread: Equinox Container: 75cbaf53-7178-4128-b0ed-38874c102590"        [_thread_blocked, id=19356, stack(0x0000006341300000,0x0000006341400000) (1024K)]
  0x00000192d4916f90 JavaThread "Refresh Thread: Equinox Container: 75cbaf53-7178-4128-b0ed-38874c102590" daemon [_thread_blocked, id=21052, stack(0x0000006341a00000,0x0000006341b00000) (1024K)]
  0x00000192d97aea80 JavaThread "Framework Event Dispatcher: Equinox Container: 75cbaf53-7178-4128-b0ed-38874c102590" daemon [_thread_blocked, id=18520, stack(0x0000006341c00000,0x0000006341d00000) (1024K)]
  0x00000192d961b070 JavaThread "Start Level: Equinox Container: 75cbaf53-7178-4128-b0ed-38874c102590" daemon [_thread_blocked, id=18180, stack(0x0000006341d00000,0x0000006341e00000) (1024K)]
  0x00000192d99a2160 JavaThread "Bundle File Closer"         daemon [_thread_blocked, id=356, stack(0x0000006340200000,0x0000006340300000) (1024K)]
  0x00000192d9403950 JavaThread "SCR Component Actor"        daemon [_thread_blocked, id=14764, stack(0x0000006340300000,0x0000006340400000) (1024K)]
  0x00000192d4ba9040 JavaThread "Worker-JM"                         [_thread_blocked, id=9152, stack(0x0000006340400000,0x0000006340500000) (1024K)]
  0x00000192d4bab7a0 JavaThread "JNA Cleaner"                daemon [_thread_blocked, id=19708, stack(0x0000006341f00000,0x0000006342000000) (1024K)]
  0x00000192d4ba96d0 JavaThread "Worker-0"                          [_thread_blocked, id=2236, stack(0x0000006342000000,0x0000006342100000) (1024K)]
  0x00000192d4baaa80 JavaThread "Worker-1"                          [_thread_blocked, id=16736, stack(0x0000006342100000,0x0000006342200000) (1024K)]
  0x00000192d4bab110 JavaThread "Worker-2"                          [_thread_blocked, id=8416, stack(0x0000006342300000,0x0000006342400000) (1024K)]
  0x00000192d4ba9d60 JavaThread "Java indexing"              daemon [_thread_blocked, id=7868, stack(0x0000006342400000,0x0000006342500000) (1024K)]
  0x00000192d4babe30 JavaThread "Worker-3: Publish Diagnostics"        [_thread_blocked, id=20488, stack(0x0000006342700000,0x0000006342800000) (1024K)]
  0x00000192d4ba89b0 JavaThread "Worker-4"                          [_thread_blocked, id=2912, stack(0x0000006342800000,0x0000006342900000) (1024K)]
  0x00000192dc6fb600 JavaThread "Thread-1"                   daemon [_thread_in_native, id=24828, stack(0x0000006342c00000,0x0000006342d00000) (1024K)]
  0x00000192dc6fbc90 JavaThread "Thread-2"                   daemon [_thread_in_native, id=15612, stack(0x0000006342d00000,0x0000006342e00000) (1024K)]
  0x00000192dc6f9bc0 JavaThread "Thread-3"                   daemon [_thread_in_native, id=27104, stack(0x0000006342e00000,0x0000006342f00000) (1024K)]
  0x00000192dc6fc9b0 JavaThread "Thread-4"                   daemon [_thread_in_native, id=13800, stack(0x0000006342f00000,0x0000006343000000) (1024K)]
  0x00000192dc6fc320 JavaThread "Thread-5"                   daemon [_thread_in_native, id=4340, stack(0x0000006343000000,0x0000006343100000) (1024K)]
  0x00000192dc6fd6d0 JavaThread "Thread-6"                   daemon [_thread_in_native, id=16836, stack(0x0000006343100000,0x0000006343200000) (1024K)]
  0x00000192dc6fa8e0 JavaThread "Thread-7"                   daemon [_thread_in_native, id=11888, stack(0x0000006343200000,0x0000006343300000) (1024K)]
  0x00000192dc6faf70 JavaThread "Thread-8"                   daemon [_thread_blocked, id=21404, stack(0x0000006343300000,0x0000006343400000) (1024K)]
  0x00000192dc6fd040 JavaThread "Thread-9"                   daemon [_thread_in_native, id=7776, stack(0x0000006343400000,0x0000006343500000) (1024K)]
  0x00000192dc6fa250 JavaThread "pool-2-thread-1"                   [_thread_blocked, id=3964, stack(0x0000006343500000,0x0000006343600000) (1024K)]
  0x00000192dc700b50 JavaThread "WorkspaceEventsHandler"            [_thread_blocked, id=22036, stack(0x0000006343600000,0x0000006343700000) (1024K)]
  0x00000192dc6fe3f0 JavaThread "pool-1-thread-1"                   [_thread_blocked, id=4644, stack(0x0000006343700000,0x0000006343800000) (1024K)]
  0x00000192dc6fdd60 JavaThread "Worker-5"                          [_thread_blocked, id=10580, stack(0x0000006343900000,0x0000006343a00000) (1024K)]
  0x00000192dc7004c0 JavaThread "ForkJoinPool.commonPool-worker-1" daemon [_thread_in_Java, id=22372, stack(0x0000006343b00000,0x0000006343c00000) (1024K)]
  0x00000192dc6fea80 JavaThread "ForkJoinPool.commonPool-worker-2" daemon [_thread_blocked, id=21968, stack(0x0000006343c00000,0x0000006343d00000) (1024K)]
  0x00000192dc6ff110 JavaThread "ForkJoinPool.commonPool-worker-3" daemon [_thread_blocked, id=1604, stack(0x0000006343d00000,0x0000006343e00000) (1024K)]
  0x00000192dbf61f90 JavaThread "ForkJoinPool.commonPool-worker-4" daemon [_thread_blocked, id=23420, stack(0x0000006343e00000,0x0000006343f00000) (1024K)]
  0x00000192dbf646f0 JavaThread "ForkJoinPool.commonPool-worker-5" daemon [_thread_blocked, id=8328, stack(0x0000006342200000,0x0000006342300000) (1024K)]
  0x00000192dbf63340 JavaThread "ForkJoinPool.commonPool-worker-6" daemon [_thread_blocked, id=27524, stack(0x0000006343a00000,0x0000006343b00000) (1024K)]
  0x00000192dbf639d0 JavaThread "ForkJoinPool.commonPool-worker-7" daemon [_thread_blocked, id=4192, stack(0x0000006342b00000,0x0000006342c00000) (1024K)]
  0x00000192dbf674e0 JavaThread "Compiler Source File Reader" daemon [_thread_blocked, id=25968, stack(0x0000006342a00000,0x0000006342b00000) (1024K)]
  0x00000192dbf68200 JavaThread "Compiler Source File Reader" daemon [_thread_blocked, id=2496, stack(0x0000006342900000,0x0000006342a00000) (1024K)]
  0x00000192dbf64d80 JavaThread "Compiler Source File Reader" daemon [_thread_blocked, id=26976, stack(0x0000006343f00000,0x0000006344000000) (1024K)]
  0x00000192dbf65410 JavaThread "Compiler Source File Reader" daemon [_thread_blocked, id=20360, stack(0x0000006344000000,0x0000006344100000) (1024K)]
  0x00000192dbf68890 JavaThread "Compiler Source File Reader" daemon [_thread_blocked, id=26220, stack(0x0000006344100000,0x0000006344200000) (1024K)]
  0x00000192dbf66130 JavaThread "Compiler Source File Reader" daemon [_thread_blocked, id=14704, stack(0x0000006344200000,0x0000006344300000) (1024K)]
  0x00000192dbf67b70 JavaThread "Compiler Processing Task"   daemon [_thread_blocked, id=23456, stack(0x0000006344300000,0x0000006344400000) (1024K)]
  0x00000192e75f4a50 JavaThread "Worker-6"                          [_thread_blocked, id=5924, stack(0x0000006344400000,0x0000006344500000) (1024K)]
  0x00000192e75f5770 JavaThread "Cleaner-0"                  daemon [_thread_blocked, id=18612, stack(0x0000006342500000,0x0000006342600000) (1024K)]
  0x00000192db5be360 JavaThread "C2 CompilerThread1"         daemon [_thread_blocked, id=8364, stack(0x0000006341e00000,0x0000006341f00000) (1024K)]
Total: 55

Other Threads:
  0x00000192feef2d00 VMThread "VM Thread"                           [id=25632, stack(0x0000006340800000,0x0000006340900000) (1024K)] _threads_hazard_ptr=0x00000192d9f16b70
  0x00000192fee0ca00 WatcherThread "VM Periodic Task Thread"        [id=15992, stack(0x0000006340700000,0x0000006340800000) (1024K)]
  0x00000192fb49da00 WorkerThread "GC Thread#0"                     [id=24868, stack(0x0000006340600000,0x0000006340700000) (1024K)]
  0x00000192d91a1800 WorkerThread "GC Thread#1"                     [id=20040, stack(0x0000006341400000,0x0000006341500000) (1024K)]
  0x00000192d90ec570 WorkerThread "GC Thread#2"                     [id=13600, stack(0x0000006341500000,0x0000006341600000) (1024K)]
  0x00000192d90ec910 WorkerThread "GC Thread#3"                     [id=20104, stack(0x0000006341600000,0x0000006341700000) (1024K)]
  0x00000192d90ed0b0 WorkerThread "GC Thread#4"                     [id=2780, stack(0x0000006341700000,0x0000006341800000) (1024K)]
  0x00000192d90ed450 WorkerThread "GC Thread#5"                     [id=11504, stack(0x0000006341800000,0x0000006341900000) (1024K)]
  0x00000192d90869e0 WorkerThread "GC Thread#6"                     [id=12988, stack(0x0000006341900000,0x0000006341a00000) (1024K)]
  0x00000192d4a17f60 WorkerThread "GC Thread#7"                     [id=10824, stack(0x0000006341b00000,0x0000006341c00000) (1024K)]
Total: 10

Threads with active compile tasks:
C2 CompilerThread0  217092 14744       4       org.eclipse.jdt.internal.compiler.parser.Parser::consumeRule (7748 bytes)
C2 CompilerThread1  217092 14769 % !   4       org.eclipse.jdt.internal.compiler.parser.Scanner::jumpOverMethodBody @ 12 (2550 bytes)
Total: 2

VM state: synchronizing (normal execution)

VM Mutex/Monitor currently owned by a thread:  ([mutex/lock_event])
[0x00007fff1695d570] Threads_lock - owner thread: 0x00000192feef2d00
[0x00007fff1695d670] Heap_lock - owner thread: 0x00000192d4babe30

Heap address: 0x0000000080000000, size: 2048 MB, Compressed Oops mode: 32-bit

CDS archive(s) mapped at: [0x0000019293000000-0x0000019293ba0000-0x0000019293ba0000), size 12189696, SharedBaseAddress: 0x0000019293000000, ArchiveRelocationMode: 1.
Compressed class space mapped at: 0x0000019294000000-0x00000192d4000000, reserved size: 1073741824
Narrow klass base: 0x0000019293000000, Narrow klass shift: 0, Narrow klass range: 0x100000000

GC Precious Log:
 CardTable entry size: 512
 CPUs: 8 total, 8 available
 Memory: 6030M
 Large Page Support: Disabled
 NUMA Support: Disabled
 Compressed Oops: Enabled (32-bit)
 Alignments: Space 512K, Generation 512K, Heap 2M
 Heap Min Capacity: 100M
 Heap Initial Capacity: 100M
 Heap Max Capacity: 2G
 Pre-touch: Disabled
 Parallel Workers: 8

Heap:
 PSYoungGen      total 2560K, used 2511K [0x00000000d5580000, 0x00000000d5a80000, 0x0000000100000000)
  eden space 2048K, 99% used [0x00000000d5580000,0x00000000d577ffd8,0x00000000d5780000)
  from space 512K, 90% used [0x00000000d5980000,0x00000000d59f4010,0x00000000d5a00000)
  to   space 512K, 0% used [0x00000000d5a00000,0x00000000d5a00000,0x00000000d5a80000)
 ParOldGen       total 495616K, used 495292K [0x0000000080000000, 0x000000009e400000, 0x00000000d5580000)
  object space 495616K, 99% used [0x0000000080000000,0x000000009e3af328,0x000000009e400000)
 Metaspace       used 77638K, committed 79232K, reserved 1179648K
  class space    used 8135K, committed 8768K, reserved 1048576K

Card table byte_map: [0x00000192fae30000,0x00000192fb240000] _byte_map_base: 0x00000192faa30000

Marking Bits: (ParMarkBitMap*) 0x00007fff16962460
 Begin Bits: [0x000001928f000000, 0x0000019291000000)
 End Bits:   [0x0000019291000000, 0x0000019293000000)

Polling page: 0x00000192f9670000

Metaspace:

Usage:
  Non-class:     67.87 MB used.
      Class:      7.95 MB used.
       Both:     75.82 MB used.

Virtual space:
  Non-class space:      128.00 MB reserved,      68.81 MB ( 54%) committed,  2 nodes.
      Class space:        1.00 GB reserved,       8.56 MB ( <1%) committed,  1 nodes.
             Both:        1.12 GB reserved,      77.38 MB (  7%) committed. 

Chunk freelists:
   Non-Class:  10.36 MB
       Class:  7.38 MB
        Both:  17.74 MB

MaxMetaspaceSize: unlimited
CompressedClassSpaceSize: 1.00 GB
Initial GC threshold: 21.00 MB
Current GC threshold: 97.31 MB
CDS: on
 - commit_granule_bytes: 65536.
 - commit_granule_words: 8192.
 - virtual_space_node_default_size: 8388608.
 - enlarge_chunks_in_place: 1.
 - use_allocation_guard: 0.


Internal statistics:

num_allocs_failed_limit: 9.
num_arena_births: 1418.
num_arena_deaths: 14.
num_vsnodes_births: 3.
num_vsnodes_deaths: 0.
num_space_committed: 1238.
num_space_uncommitted: 0.
num_chunks_returned_to_freelist: 23.
num_chunks_taken_from_freelist: 5111.
num_chunk_merges: 12.
num_chunk_splits: 3026.
num_chunks_enlarged: 1564.
num_inconsistent_stats: 0.

CodeHeap 'non-profiled nmethods': size=120000Kb used=11592Kb max_used=11592Kb free=108407Kb
 bounds [0x0000019287ad0000, 0x0000019288630000, 0x000001928f000000]
CodeHeap 'profiled nmethods': size=120000Kb used=33429Kb max_used=33429Kb free=86570Kb
 bounds [0x0000019280000000, 0x00000192820b0000, 0x0000019287530000]
CodeHeap 'non-nmethods': size=5760Kb used=1510Kb max_used=1582Kb free=4249Kb
 bounds [0x0000019287530000, 0x00000192877a0000, 0x0000019287ad0000]
CodeCache: size=245760Kb, used=46531Kb, max_used=46603Kb, free=199226Kb
 total_blobs=14700, nmethods=13870, adapters=734, full_count=0
Compilation: enabled, stopped_count=0, restarted_count=0

Compilation events (20 events):
Event: 215.466 Thread 0x00000192fef28ab0 nmethod 14737 0x000001928208b710 code [0x000001928208b8e0, 0x000001928208bc18]
Event: 215.591 Thread 0x00000192fef26a10 14738       4       java.nio.Buffer::nextPutIndex (30 bytes)
Event: 215.592 Thread 0x00000192fef26a10 nmethod 14738 0x000001928861fe90 code [0x0000019288620020, 0x00000192886200d8]
Event: 215.741 Thread 0x00000192fef26a10 14739       4       org.eclipse.jdt.internal.compiler.parser.Scanner::scanIdentifierOrKeyword (277 bytes)
Event: 215.743 Thread 0x00000192fef28ab0 14740   !   3       org.eclipse.jdt.internal.compiler.parser.Scanner::scanForStringLiteral (636 bytes)
Event: 215.747 Thread 0x00000192fef28ab0 nmethod 14740 0x000001928208bd90 code [0x000001928208c160, 0x000001928208dc28]
Event: 215.748 Thread 0x00000192fef28ab0 14742   !   3       org.eclipse.jdt.internal.compiler.parser.Scanner::getNextChar (169 bytes)
Event: 215.749 Thread 0x00000192fef28ab0 nmethod 14742 0x000001928208e990 code [0x000001928208eba0, 0x000001928208f200]
Event: 215.749 Thread 0x00000192fef28ab0 14743       3       org.eclipse.jdt.internal.compiler.parser.Parser::currentRecoveryType (36 bytes)
Event: 215.749 Thread 0x00000192fef28ab0 nmethod 14743 0x000001928208f410 code [0x000001928208f5e0, 0x000001928208fa58]
Event: 215.749 Thread 0x00000192fef28ab0 14741       3       org.eclipse.jdt.internal.compiler.SourceElementParser::consumeMarkerAnnotation (66 bytes)
Event: 215.750 Thread 0x00000192fef28ab0 nmethod 14741 0x000001928208fb90 code [0x000001928208fd80, 0x0000019282090268]
Event: 215.751 Thread 0x00000192fef28ab0 14745   !   3       org.eclipse.jdt.internal.compiler.parser.Parser::parse (946 bytes)
Event: 215.754 Thread 0x00000192fef26a10 nmethod 14739 0x0000019288620190 code [0x0000019288620360, 0x0000019288620668]
Event: 215.754 Thread 0x00000192fef26a10 14744       4       org.eclipse.jdt.internal.compiler.parser.Parser::consumeRule (7748 bytes)
Event: 215.761 Thread 0x00000192fef28ab0 nmethod 14745 0x0000019282090490 code [0x0000019282090a00, 0x0000019282093ea0]
Event: 215.761 Thread 0x00000192fef28ab0 14747       3       org.eclipse.jdt.internal.compiler.ast.MarkerAnnotation::memberValuePairs (4 bytes)
Event: 215.761 Thread 0x00000192fef28ab0 nmethod 14747 0x0000019282095410 code [0x00000192820955a0, 0x00000192820956b8]
Event: 215.761 Thread 0x00000192fef28ab0 14746   !   3       lombok.core.FieldAugment$ReflectionFieldAugment::getAndSet (80 bytes)
Event: 215.764 Thread 0x00000192fef28ab0 nmethod 14746 0x0000019282095790 code [0x0000019282095b00, 0x0000019282096d28]

GC Heap History (20 events):
Event: 211.480 GC heap before
{Heap before GC invocations=262 (full 3):
 PSYoungGen      total 3072K, used 3055K [0x00000000d5580000, 0x00000000d5b00000, 0x0000000100000000)
  eden space 2560K, 100% used [0x00000000d5580000,0x00000000d5800000,0x00000000d5800000)
  from space 512K, 96% used [0x00000000d5a80000,0x00000000d5afbd00,0x00000000d5b00000)
  to   space 1536K, 0% used [0x00000000d5800000,0x00000000d5800000,0x00000000d5980000)
 ParOldGen       total 486912K, used 486585K [0x0000000080000000, 0x000000009db80000, 0x00000000d5580000)
  object space 486912K, 99% used [0x0000000080000000,0x000000009db2e670,0x000000009db80000)
 Metaspace       used 76878K, committed 78464K, reserved 1179648K
  class space    used 8047K, committed 8704K, reserved 1048576K
}
Event: 211.488 GC heap after
{Heap after GC invocations=262 (full 3):
 PSYoungGen      total 4096K, used 1536K [0x00000000d5580000, 0x00000000d5e00000, 0x0000000100000000)
  eden space 2560K, 0% used [0x00000000d5580000,0x00000000d5580000,0x00000000d5800000)
  from space 1536K, 100% used [0x00000000d5800000,0x00000000d5980000,0x00000000d5980000)
  to   space 3072K, 0% used [0x00000000d5b00000,0x00000000d5b00000,0x00000000d5e00000)
 ParOldGen       total 487936K, used 487528K [0x0000000080000000, 0x000000009dc80000, 0x00000000d5580000)
  object space 487936K, 99% used [0x0000000080000000,0x000000009dc1a370,0x000000009dc80000)
 Metaspace       used 76878K, committed 78464K, reserved 1179648K
  class space    used 8047K, committed 8704K, reserved 1048576K
}
Event: 211.582 GC heap before
{Heap before GC invocations=263 (full 3):
 PSYoungGen      total 4096K, used 4096K [0x00000000d5580000, 0x00000000d5e00000, 0x0000000100000000)
  eden space 2560K, 100% used [0x00000000d5580000,0x00000000d5800000,0x00000000d5800000)
  from space 1536K, 100% used [0x00000000d5800000,0x00000000d5980000,0x00000000d5980000)
  to   space 3072K, 0% used [0x00000000d5b00000,0x00000000d5b00000,0x00000000d5e00000)
 ParOldGen       total 487936K, used 487528K [0x0000000080000000, 0x000000009dc80000, 0x00000000d5580000)
  object space 487936K, 99% used [0x0000000080000000,0x000000009dc1a370,0x000000009dc80000)
 Metaspace       used 76909K, committed 78464K, reserved 1179648K
  class space    used 8049K, committed 8704K, reserved 1048576K
}
Event: 211.592 GC heap after
{Heap after GC invocations=263 (full 3):
 PSYoungGen      total 4096K, used 1376K [0x00000000d5580000, 0x00000000d5c80000, 0x0000000100000000)
  eden space 2560K, 0% used [0x00000000d5580000,0x00000000d5580000,0x00000000d5800000)
  from space 1536K, 89% used [0x00000000d5b00000,0x00000000d5c58000,0x00000000d5c80000)
  to   space 2048K, 0% used [0x00000000d5880000,0x00000000d5880000,0x00000000d5a80000)
 ParOldGen       total 489472K, used 489088K [0x0000000080000000, 0x000000009de00000, 0x00000000d5580000)
  object space 489472K, 99% used [0x0000000080000000,0x000000009dda0370,0x000000009de00000)
 Metaspace       used 76909K, committed 78464K, reserved 1179648K
  class space    used 8049K, committed 8704K, reserved 1048576K
}
Event: 211.620 GC heap before
{Heap before GC invocations=264 (full 3):
 PSYoungGen      total 4096K, used 3926K [0x00000000d5580000, 0x00000000d5c80000, 0x0000000100000000)
  eden space 2560K, 99% used [0x00000000d5580000,0x00000000d57fd8d8,0x00000000d5800000)
  from space 1536K, 89% used [0x00000000d5b00000,0x00000000d5c58000,0x00000000d5c80000)
  to   space 2048K, 0% used [0x00000000d5880000,0x00000000d5880000,0x00000000d5a80000)
 ParOldGen       total 489472K, used 489088K [0x0000000080000000, 0x000000009de00000, 0x00000000d5580000)
  object space 489472K, 99% used [0x0000000080000000,0x000000009dda0370,0x000000009de00000)
 Metaspace       used 76909K, committed 78528K, reserved 1179648K
  class space    used 8049K, committed 8704K, reserved 1048576K
}
Event: 211.626 GC heap after
{Heap after GC invocations=264 (full 3):
 PSYoungGen      total 4608K, used 160K [0x00000000d5580000, 0x00000000d5b80000, 0x0000000100000000)
  eden space 2560K, 0% used [0x00000000d5580000,0x00000000d5580000,0x00000000d5800000)
  from space 2048K, 7% used [0x00000000d5880000,0x00000000d58a8000,0x00000000d5a80000)
  to   space 1024K, 0% used [0x00000000d5a80000,0x00000000d5a80000,0x00000000d5b80000)
 ParOldGen       total 490496K, used 490388K [0x0000000080000000, 0x000000009df00000, 0x00000000d5580000)
  object space 490496K, 99% used [0x0000000080000000,0x000000009dee5228,0x000000009df00000)
 Metaspace       used 76909K, committed 78528K, reserved 1179648K
  class space    used 8049K, committed 8704K, reserved 1048576K
}
Event: 211.667 GC heap before
{Heap before GC invocations=265 (full 3):
 PSYoungGen      total 4608K, used 2693K [0x00000000d5580000, 0x00000000d5b80000, 0x0000000100000000)
  eden space 2560K, 98% used [0x00000000d5580000,0x00000000d57f97c0,0x00000000d5800000)
  from space 2048K, 7% used [0x00000000d5880000,0x00000000d58a8000,0x00000000d5a80000)
  to   space 1024K, 0% used [0x00000000d5a80000,0x00000000d5a80000,0x00000000d5b80000)
 ParOldGen       total 490496K, used 490388K [0x0000000080000000, 0x000000009df00000, 0x00000000d5580000)
  object space 490496K, 99% used [0x0000000080000000,0x000000009dee5228,0x000000009df00000)
 Metaspace       used 76914K, committed 78528K, reserved 1179648K
  class space    used 8050K, committed 8704K, reserved 1048576K
}
Event: 211.670 GC heap after
{Heap after GC invocations=265 (full 3):
 PSYoungGen      total 3072K, used 256K [0x00000000d5580000, 0x00000000d5b00000, 0x0000000100000000)
  eden space 2560K, 0% used [0x00000000d5580000,0x00000000d5580000,0x00000000d5800000)
  from space 512K, 50% used [0x00000000d5a80000,0x00000000d5ac0000,0x00000000d5b00000)
  to   space 512K, 0% used [0x00000000d5a00000,0x00000000d5a00000,0x00000000d5a80000)
 ParOldGen       total 490496K, used 490452K [0x0000000080000000, 0x000000009df00000, 0x00000000d5580000)
  object space 490496K, 99% used [0x0000000080000000,0x000000009def5228,0x000000009df00000)
 Metaspace       used 76914K, committed 78528K, reserved 1179648K
  class space    used 8050K, committed 8704K, reserved 1048576K
}
Event: 211.747 GC heap before
{Heap before GC invocations=266 (full 3):
 PSYoungGen      total 3072K, used 2816K [0x00000000d5580000, 0x00000000d5b00000, 0x0000000100000000)
  eden space 2560K, 100% used [0x00000000d5580000,0x00000000d5800000,0x00000000d5800000)
  from space 512K, 50% used [0x00000000d5a80000,0x00000000d5ac0000,0x00000000d5b00000)
  to   space 512K, 0% used [0x00000000d5a00000,0x00000000d5a00000,0x00000000d5a80000)
 ParOldGen       total 490496K, used 490452K [0x0000000080000000, 0x000000009df00000, 0x00000000d5580000)
  object space 490496K, 99% used [0x0000000080000000,0x000000009def5228,0x000000009df00000)
 Metaspace       used 77092K, committed 78656K, reserved 1179648K
  class space    used 8072K, committed 8704K, reserved 1048576K
}
Event: 211.750 GC heap after
{Heap after GC invocations=266 (full 3):
 PSYoungGen      total 3072K, used 224K [0x00000000d5580000, 0x00000000d5b00000, 0x0000000100000000)
  eden space 2560K, 0% used [0x00000000d5580000,0x00000000d5580000,0x00000000d5800000)
  from space 512K, 43% used [0x00000000d5a00000,0x00000000d5a38000,0x00000000d5a80000)
  to   space 512K, 0% used [0x00000000d5a80000,0x00000000d5a80000,0x00000000d5b00000)
 ParOldGen       total 491008K, used 490548K [0x0000000080000000, 0x000000009df80000, 0x00000000d5580000)
  object space 491008K, 99% used [0x0000000080000000,0x000000009df0d228,0x000000009df80000)
 Metaspace       used 77092K, committed 78656K, reserved 1179648K
  class space    used 8072K, committed 8704K, reserved 1048576K
}
Event: 212.076 GC heap before
{Heap before GC invocations=267 (full 3):
 PSYoungGen      total 3072K, used 2769K [0x00000000d5580000, 0x00000000d5b00000, 0x0000000100000000)
  eden space 2560K, 99% used [0x00000000d5580000,0x00000000d57fc510,0x00000000d5800000)
  from space 512K, 43% used [0x00000000d5a00000,0x00000000d5a38000,0x00000000d5a80000)
  to   space 512K, 0% used [0x00000000d5a80000,0x00000000d5a80000,0x00000000d5b00000)
 ParOldGen       total 491008K, used 490548K [0x0000000080000000, 0x000000009df80000, 0x00000000d5580000)
  object space 491008K, 99% used [0x0000000080000000,0x000000009df0d228,0x000000009df80000)
 Metaspace       used 77343K, committed 78976K, reserved 1179648K
  class space    used 8106K, committed 8768K, reserved 1048576K
}
Event: 212.079 GC heap after
{Heap after GC invocations=267 (full 3):
 PSYoungGen      total 3072K, used 288K [0x00000000d5580000, 0x00000000d5b00000, 0x0000000100000000)
  eden space 2560K, 0% used [0x00000000d5580000,0x00000000d5580000,0x00000000d5800000)
  from space 512K, 56% used [0x00000000d5a80000,0x00000000d5ac8000,0x00000000d5b00000)
  to   space 512K, 0% used [0x00000000d5a00000,0x00000000d5a00000,0x00000000d5a80000)
 ParOldGen       total 491008K, used 490652K [0x0000000080000000, 0x000000009df80000, 0x00000000d5580000)
  object space 491008K, 99% used [0x0000000080000000,0x000000009df27228,0x000000009df80000)
 Metaspace       used 77343K, committed 78976K, reserved 1179648K
  class space    used 8106K, committed 8768K, reserved 1048576K
}
Event: 212.314 GC heap before
{Heap before GC invocations=268 (full 3):
 PSYoungGen      total 3072K, used 2848K [0x00000000d5580000, 0x00000000d5b00000, 0x0000000100000000)
  eden space 2560K, 100% used [0x00000000d5580000,0x00000000d5800000,0x00000000d5800000)
  from space 512K, 56% used [0x00000000d5a80000,0x00000000d5ac8000,0x00000000d5b00000)
  to   space 512K, 0% used [0x00000000d5a00000,0x00000000d5a00000,0x00000000d5a80000)
 ParOldGen       total 491008K, used 490652K [0x0000000080000000, 0x000000009df80000, 0x00000000d5580000)
  object space 491008K, 99% used [0x0000000080000000,0x000000009df27228,0x000000009df80000)
 Metaspace       used 77524K, committed 79104K, reserved 1179648K
  class space    used 8124K, committed 8768K, reserved 1048576K
}
Event: 212.319 GC heap after
{Heap after GC invocations=268 (full 3):
 PSYoungGen      total 3072K, used 506K [0x00000000d5580000, 0x00000000d5b00000, 0x0000000100000000)
  eden space 2560K, 0% used [0x00000000d5580000,0x00000000d5580000,0x00000000d5800000)
  from space 512K, 98% used [0x00000000d5a00000,0x00000000d5a7e900,0x00000000d5a80000)
  to   space 512K, 0% used [0x00000000d5a80000,0x00000000d5a80000,0x00000000d5b00000)
 ParOldGen       total 491008K, used 490748K [0x0000000080000000, 0x000000009df80000, 0x00000000d5580000)
  object space 491008K, 99% used [0x0000000080000000,0x000000009df3f228,0x000000009df80000)
 Metaspace       used 77524K, committed 79104K, reserved 1179648K
  class space    used 8124K, committed 8768K, reserved 1048576K
}
Event: 212.332 GC heap before
{Heap before GC invocations=269 (full 3):
 PSYoungGen      total 3072K, used 3066K [0x00000000d5580000, 0x00000000d5b00000, 0x0000000100000000)
  eden space 2560K, 99% used [0x00000000d5580000,0x00000000d57fffb0,0x00000000d5800000)
  from space 512K, 98% used [0x00000000d5a00000,0x00000000d5a7e900,0x00000000d5a80000)
  to   space 512K, 0% used [0x00000000d5a80000,0x00000000d5a80000,0x00000000d5b00000)
 ParOldGen       total 491008K, used 490748K [0x0000000080000000, 0x000000009df80000, 0x00000000d5580000)
  object space 491008K, 99% used [0x0000000080000000,0x000000009df3f228,0x000000009df80000)
 Metaspace       used 77524K, committed 79104K, reserved 1179648K
  class space    used 8124K, committed 8768K, reserved 1048576K
}
Event: 212.337 GC heap after
{Heap after GC invocations=269 (full 3):
 PSYoungGen      total 2560K, used 487K [0x00000000d5580000, 0x00000000d5e00000, 0x0000000100000000)
  eden space 2048K, 0% used [0x00000000d5580000,0x00000000d5580000,0x00000000d5780000)
  from space 512K, 95% used [0x00000000d5a80000,0x00000000d5af9e80,0x00000000d5b00000)
  to   space 3072K, 0% used [0x00000000d5780000,0x00000000d5780000,0x00000000d5a80000)
 ParOldGen       total 493056K, used 492600K [0x0000000080000000, 0x000000009e180000, 0x00000000d5580000)
  object space 493056K, 99% used [0x0000000080000000,0x000000009e10e2a8,0x000000009e180000)
 Metaspace       used 77524K, committed 79104K, reserved 1179648K
  class space    used 8124K, committed 8768K, reserved 1048576K
}
Event: 212.360 GC heap before
{Heap before GC invocations=270 (full 3):
 PSYoungGen      total 2560K, used 2535K [0x00000000d5580000, 0x00000000d5e00000, 0x0000000100000000)
  eden space 2048K, 100% used [0x00000000d5580000,0x00000000d5780000,0x00000000d5780000)
  from space 512K, 95% used [0x00000000d5a80000,0x00000000d5af9e80,0x00000000d5b00000)
  to   space 3072K, 0% used [0x00000000d5780000,0x00000000d5780000,0x00000000d5a80000)
 ParOldGen       total 493056K, used 492600K [0x0000000080000000, 0x000000009e180000, 0x00000000d5580000)
  object space 493056K, 99% used [0x0000000080000000,0x000000009e10e2a8,0x000000009e180000)
 Metaspace       used 77525K, committed 79104K, reserved 1179648K
  class space    used 8124K, committed 8768K, reserved 1048576K
}
Event: 212.366 GC heap after
{Heap after GC invocations=270 (full 3):
 PSYoungGen      total 4096K, used 1920K [0x00000000d5580000, 0x00000000d5c80000, 0x0000000100000000)
  eden space 2048K, 0% used [0x00000000d5580000,0x00000000d5580000,0x00000000d5780000)
  from space 2048K, 93% used [0x00000000d5780000,0x00000000d5960000,0x00000000d5980000)
  to   space 2560K, 0% used [0x00000000d5a00000,0x00000000d5a00000,0x00000000d5c80000)
 ParOldGen       total 493568K, used 493112K [0x0000000080000000, 0x000000009e200000, 0x00000000d5580000)
  object space 493568K, 99% used [0x0000000080000000,0x000000009e18e128,0x000000009e200000)
 Metaspace       used 77525K, committed 79104K, reserved 1179648K
  class space    used 8124K, committed 8768K, reserved 1048576K
}
Event: 215.483 GC heap before
{Heap before GC invocations=271 (full 3):
 PSYoungGen      total 4096K, used 3948K [0x00000000d5580000, 0x00000000d5c80000, 0x0000000100000000)
  eden space 2048K, 99% used [0x00000000d5580000,0x00000000d577b240,0x00000000d5780000)
  from space 2048K, 93% used [0x00000000d5780000,0x00000000d5960000,0x00000000d5980000)
  to   space 2560K, 0% used [0x00000000d5a00000,0x00000000d5a00000,0x00000000d5c80000)
 ParOldGen       total 493568K, used 493112K [0x0000000080000000, 0x000000009e200000, 0x00000000d5580000)
  object space 493568K, 99% used [0x0000000080000000,0x000000009e18e128,0x000000009e200000)
 Metaspace       used 77549K, committed 79168K, reserved 1179648K
  class space    used 8129K, committed 8768K, reserved 1048576K
}
Event: 215.491 GC heap after
{Heap after GC invocations=271 (full 3):
 PSYoungGen      total 2560K, used 256K [0x00000000d5580000, 0x00000000d5a80000, 0x0000000100000000)
  eden space 2048K, 0% used [0x00000000d5580000,0x00000000d5580000,0x00000000d5780000)
  from space 512K, 50% used [0x00000000d5a00000,0x00000000d5a40000,0x00000000d5a80000)
  to   space 1024K, 0% used [0x00000000d5880000,0x00000000d5880000,0x00000000d5980000)
 ParOldGen       total 495104K, used 494920K [0x0000000080000000, 0x000000009e380000, 0x00000000d5580000)
  object space 495104K, 99% used [0x0000000080000000,0x000000009e352128,0x000000009e380000)
 Metaspace       used 77549K, committed 79168K, reserved 1179648K
  class space    used 8129K, committed 8768K, reserved 1048576K
}

Dll operation events (12 events):
Event: 0.033 Loaded shared library c:\Users\lfcna\.vscode\extensions\redhat.java-1.50.0-win32-x64\jre\21.0.9-win32-x86_64\bin\java.dll
Event: 0.318 Loaded shared library c:\Users\lfcna\.vscode\extensions\redhat.java-1.50.0-win32-x64\jre\21.0.9-win32-x86_64\bin\zip.dll
Event: 0.470 Loaded shared library C:\Users\lfcna\.vscode\extensions\redhat.java-1.50.0-win32-x64\jre\21.0.9-win32-x86_64\bin\instrument.dll
Event: 0.502 Loaded shared library C:\Users\lfcna\.vscode\extensions\redhat.java-1.50.0-win32-x64\jre\21.0.9-win32-x86_64\bin\net.dll
Event: 0.614 Loaded shared library C:\Users\lfcna\.vscode\extensions\redhat.java-1.50.0-win32-x64\jre\21.0.9-win32-x86_64\bin\nio.dll
Event: 0.649 Loaded shared library C:\Users\lfcna\.vscode\extensions\redhat.java-1.50.0-win32-x64\jre\21.0.9-win32-x86_64\bin\zip.dll
Event: 0.779 Loaded shared library C:\Users\lfcna\.vscode\extensions\redhat.java-1.50.0-win32-x64\jre\21.0.9-win32-x86_64\bin\jimage.dll
Event: 1.298 Loaded shared library c:\Users\lfcna\.vscode\extensions\redhat.java-1.50.0-win32-x64\jre\21.0.9-win32-x86_64\bin\verify.dll
Event: 28.722 Loaded shared library C:\Users\lfcna\AppData\Roaming\Code\User\globalStorage\redhat.java\1.50.0\config_win\org.eclipse.equinox.launcher\org.eclipse.equinox.launcher.win32.win32.x86_64_1.2.1400.v20250801-0854\eclipse_11916.dll
Event: 92.725 Loaded shared library C:\Users\lfcna\AppData\Local\Temp\jna-102877596\jna1644844648016518742.dll
Event: 100.199 Loaded shared library C:\Users\lfcna\.vscode\extensions\redhat.java-1.50.0-win32-x64\jre\21.0.9-win32-x86_64\bin\sunmscapi.dll
Event: 101.847 Loaded shared library C:\Users\lfcna\.vscode\extensions\redhat.java-1.50.0-win32-x64\jre\21.0.9-win32-x86_64\bin\extnet.dll

Deoptimization events (20 events):
Event: 212.305 Thread 0x00000192dc6fea80 DEOPT PACKING pc=0x00000192885f50b4 sp=0x0000006343cfd930
Event: 212.305 Thread 0x00000192dc6fea80 DEOPT UNPACKING pc=0x0000019287583aa2 sp=0x0000006343cfd8a8 mode 2
Event: 212.321 Thread 0x00000192dbf646f0 DEOPT PACKING pc=0x0000019281e241ed sp=0x00000063422febc0
Event: 212.321 Thread 0x00000192dbf646f0 DEOPT UNPACKING pc=0x0000019287584242 sp=0x00000063422fe138 mode 0
Event: 212.322 Thread 0x00000192dbf639d0 DEOPT PACKING pc=0x0000019281e241ed sp=0x0000006342bfe710
Event: 212.323 Thread 0x00000192dbf639d0 DEOPT UNPACKING pc=0x0000019287584242 sp=0x0000006342bfdc88 mode 0
Event: 212.323 Thread 0x00000192dc7004c0 DEOPT PACKING pc=0x0000019281e241ed sp=0x0000006343bfe6b0
Event: 212.323 Thread 0x00000192dc7004c0 DEOPT UNPACKING pc=0x0000019287584242 sp=0x0000006343bfdc28 mode 0
Event: 212.351 Thread 0x00000192dc6ff110 DEOPT PACKING pc=0x0000019281e241ed sp=0x0000006343dfe850
Event: 212.351 Thread 0x00000192dc6ff110 DEOPT UNPACKING pc=0x0000019287584242 sp=0x0000006343dfddc8 mode 0
Event: 212.395 Thread 0x00000192dc6fea80 Uncommon trap: trap_request=0xffffff45 fr.pc=0x0000019287f928f4 relative=0x0000000000000d34
Event: 212.395 Thread 0x00000192dc6fea80 Uncommon trap: reason=unstable_if action=reinterpret pc=0x0000019287f928f4 method=jdk.internal.reflect.Reflection.verifyMemberAccess(Ljava/lang/Class;Ljava/lang/Class;Ljava/lang/Class;I)Z @ 67 c2
Event: 212.395 Thread 0x00000192dc6fea80 DEOPT PACKING pc=0x0000019287f928f4 sp=0x0000006343cfe220
Event: 212.395 Thread 0x00000192dc6fea80 DEOPT UNPACKING pc=0x0000019287583aa2 sp=0x0000006343cfe130 mode 2
Event: 215.741 Thread 0x00000192d4babe30 Uncommon trap: trap_request=0xffffff76 fr.pc=0x0000019288601844 relative=0x0000000000000de4
Event: 215.741 Thread 0x00000192d4babe30 Uncommon trap: reason=predicate action=maybe_recompile pc=0x0000019288601844 method=org.eclipse.jdt.internal.compiler.parser.Parser.parse()V @ 52 c2
Event: 215.741 Thread 0x00000192d4babe30 DEOPT PACKING pc=0x0000019288601844 sp=0x00000063427fe890
Event: 215.741 Thread 0x00000192d4babe30 DEOPT UNPACKING pc=0x0000019287583aa2 sp=0x00000063427fe850 mode 2
Event: 216.622 Thread 0x00000192dc6fea80 DEOPT PACKING pc=0x0000019281f45af2 sp=0x0000006343cfd900
Event: 216.622 Thread 0x00000192dc6fea80 DEOPT UNPACKING pc=0x0000019287584242 sp=0x0000006343cfce78 mode 0

Classes loaded (20 events):
Event: 152.690 Loading class java/nio/file/Files$2
Event: 152.698 Loading class java/nio/file/Files$2 done
Event: 155.711 Loading class java/util/concurrent/ArrayBlockingQueue
Event: 155.714 Loading class java/util/concurrent/ArrayBlockingQueue done
Event: 158.836 Loading class java/util/stream/ReduceOps$5
Event: 158.837 Loading class java/util/stream/ReduceOps$5 done
Event: 158.837 Loading class java/util/stream/ReduceOps$CountingSink$OfRef
Event: 158.838 Loading class java/util/stream/ReduceOps$CountingSink
Event: 158.839 Loading class java/util/stream/ReduceOps$CountingSink done
Event: 158.839 Loading class java/util/stream/ReduceOps$CountingSink$OfRef done
Event: 159.139 Loading class java/util/stream/ReduceOps$1
Event: 159.141 Loading class java/util/stream/ReduceOps$1 done
Event: 159.142 Loading class java/util/stream/ReduceOps$1ReducingSink
Event: 159.143 Loading class java/util/stream/ReduceOps$1ReducingSink done
Event: 201.340 Loading class java/util/concurrent/ConcurrentHashMap$TreeNode
Event: 201.340 Loading class java/util/concurrent/ConcurrentHashMap$TreeNode done
Event: 201.340 Loading class java/util/concurrent/ConcurrentHashMap$TreeBin
Event: 201.341 Loading class java/util/concurrent/ConcurrentHashMap$TreeBin done
Event: 201.720 Loading class jdk/internal/ref/CleanerImpl$InnocuousThreadFactory
Event: 201.725 Loading class jdk/internal/ref/CleanerImpl$InnocuousThreadFactory done

Classes unloaded (7 events):
Event: 94.974 Thread 0x00000192feef2d00 Unloading class 0x00000192941a8c00 'java/lang/invoke/LambdaForm$MH+0x00000192941a8c00'
Event: 94.974 Thread 0x00000192feef2d00 Unloading class 0x00000192941a8800 'java/lang/invoke/LambdaForm$MH+0x00000192941a8800'
Event: 94.974 Thread 0x00000192feef2d00 Unloading class 0x00000192941a8400 'java/lang/invoke/LambdaForm$MH+0x00000192941a8400'
Event: 94.974 Thread 0x00000192feef2d00 Unloading class 0x00000192941a8000 'java/lang/invoke/LambdaForm$MH+0x00000192941a8000'
Event: 94.974 Thread 0x00000192feef2d00 Unloading class 0x00000192941a7c00 'java/lang/invoke/LambdaForm$BMH+0x00000192941a7c00'
Event: 94.974 Thread 0x00000192feef2d00 Unloading class 0x00000192941a7800 'java/lang/invoke/LambdaForm$DMH+0x00000192941a7800'
Event: 94.974 Thread 0x00000192feef2d00 Unloading class 0x00000192941a6400 'java/lang/invoke/LambdaForm$DMH+0x00000192941a6400'

Classes redefined (0 events):
No events

Internal exceptions (20 events):
Event: 187.680 Thread 0x00000192d4ba9d60 Exception <a 'sun/nio/fs/WindowsException'{0x00000000d566de10}> (0x00000000d566de10) 
thrown [s\src\hotspot\share\prims\jni.cpp, line 520]
Event: 188.287 Thread 0x00000192dc6fdd60 Exception <a 'java/lang/NoSuchMethodError'{0x00000000d57da410}: 'java.lang.Object java.lang.invoke.DirectMethodHandle$Holder.invokeSpecial(java.lang.Object, java.lang.Object, int, long)'> (0x00000000d57da410) 
thrown [s\src\hotspot\share\interpreter\linkResolver.cpp, line 773]
Event: 189.174 Thread 0x00000192d4ba9d60 Exception <a 'sun/nio/fs/WindowsException'{0x00000000d57e8140}> (0x00000000d57e8140) 
thrown [s\src\hotspot\share\prims\jni.cpp, line 520]
Event: 189.233 Thread 0x00000192d4bab110 Implicit null exception at 0x0000019288459a99 to 0x0000019288459e88
Event: 196.824 Thread 0x00000192dc6fe3f0 Exception <a 'java/lang/IncompatibleClassChangeError'{0x00000000d569e708}: Found class java.lang.Object, but interface was expected> (0x00000000d569e708) 
thrown [s\src\hotspot\share\interpreter\linkResolver.cpp, line 840]
Event: 197.150 Thread 0x00000192dc6fe3f0 Exception <a 'java/lang/IncompatibleClassChangeError'{0x00000000d571c9d8}: Found class java.lang.Object, but interface was expected> (0x00000000d571c9d8) 
thrown [s\src\hotspot\share\interpreter\linkResolver.cpp, line 840]
Event: 198.605 Thread 0x00000192d4ba9d60 Exception <a 'sun/nio/fs/WindowsException'{0x00000000d57c68f0}> (0x00000000d57c68f0) 
thrown [s\src\hotspot\share\prims\jni.cpp, line 520]
Event: 198.674 Thread 0x00000192dc7004c0 Exception <a 'java/lang/ArrayIndexOutOfBoundsException'{0x00000000d57b06f0}: Index 88 out of bounds for length 87> (0x00000000d57b06f0) 
thrown [s\src\hotspot\share\interpreter\interpreterRuntime.cpp, line 439]
Event: 199.487 Thread 0x00000192d4ba9d60 Exception <a 'sun/nio/fs/WindowsException'{0x00000000d562ee90}> (0x00000000d562ee90) 
thrown [s\src\hotspot\share\prims\jni.cpp, line 520]
Event: 202.240 Thread 0x00000192dc6fea80 Exception <a 'java/lang/NoSuchMethodError'{0x00000000d5797198}: 'java.lang.Object java.lang.invoke.DirectMethodHandle$Holder.newInvokeSpecial(java.lang.Object, java.lang.Object, int, java.lang.Object, java.lang.Object, java.lang.Object, java.lang.Object)'> (0x00000000d5797198) 
thrown [s\src\hotspot\share\interpreter\linkResolver.cpp, line 773]
Event: 210.498 Thread 0x00000192dc6fe3f0 Exception <a 'java/lang/IncompatibleClassChangeError'{0x00000000d5679e70}: Found class java.lang.Object, but interface was expected> (0x00000000d5679e70) 
thrown [s\src\hotspot\share\interpreter\linkResolver.cpp, line 840]
Event: 211.347 Thread 0x00000192dc6fea80 Exception <a 'java/lang/ArrayIndexOutOfBoundsException'{0x00000000d55b1d38}: Index 1488 out of bounds for length 1488> (0x00000000d55b1d38) 
thrown [s\src\hotspot\share\interpreter\interpreterRuntime.cpp, line 439]
Event: 211.348 Thread 0x00000192dc6fea80 Exception <a 'java/lang/ArrayIndexOutOfBoundsException'{0x00000000d55b2388}: Index 1488 out of bounds for length 1488> (0x00000000d55b2388) 
thrown [s\src\hotspot\share\interpreter\interpreterRuntime.cpp, line 439]
Event: 211.348 Thread 0x00000192dc6fea80 Exception <a 'java/lang/ArrayIndexOutOfBoundsException'{0x00000000d55b2728}: Index 1489 out of bounds for length 1488> (0x00000000d55b2728) 
thrown [s\src\hotspot\share\interpreter\interpreterRuntime.cpp, line 439]
Event: 212.067 Thread 0x00000192dc6fe3f0 Exception <a 'java/lang/IncompatibleClassChangeError'{0x00000000d57d4478}: Found class java.lang.Object, but interface was expected> (0x00000000d57d4478) 
thrown [s\src\hotspot\share\interpreter\linkResolver.cpp, line 840]
Event: 212.105 Thread 0x00000192dc6fea80 Exception <a 'java/lang/NoSuchMethodError'{0x00000000d561abe0}: 'java.lang.Object java.lang.invoke.DirectMethodHandle$Holder.invokeStatic(java.lang.Object, int, java.lang.Object)'> (0x00000000d561abe0) 
thrown [s\src\hotspot\share\interpreter\linkResolver.cpp, line 773]
Event: 212.293 Thread 0x00000192dc6fea80 Exception <a 'java/lang/ArrayIndexOutOfBoundsException'{0x00000000d56e1338}: Index 1488 out of bounds for length 1488> (0x00000000d56e1338) 
thrown [s\src\hotspot\share\interpreter\interpreterRuntime.cpp, line 439]
Event: 212.293 Thread 0x00000192dc6fea80 Exception <a 'java/lang/ArrayIndexOutOfBoundsException'{0x00000000d56e1988}: Index 1488 out of bounds for length 1488> (0x00000000d56e1988) 
thrown [s\src\hotspot\share\interpreter\interpreterRuntime.cpp, line 439]
Event: 212.293 Thread 0x00000192dc6fea80 Exception <a 'java/lang/ArrayIndexOutOfBoundsException'{0x00000000d56e1d28}: Index 1489 out of bounds for length 1488> (0x00000000d56e1d28) 
thrown [s\src\hotspot\share\interpreter\interpreterRuntime.cpp, line 439]
Event: 215.458 Thread 0x00000192dc6fe3f0 Exception <a 'java/lang/IncompatibleClassChangeError'{0x00000000d57685d0}: Found class java.lang.Object, but interface was expected> (0x00000000d57685d0) 
thrown [s\src\hotspot\share\interpreter\linkResolver.cpp, line 840]

ZGC Phase Switch (0 events):
No events

VM Operations (20 events):
Event: 211.626 Executing VM operation: ParallelGCFailedAllocation (Allocation Failure) done
Event: 211.666 Executing VM operation: ParallelGCFailedAllocation (Allocation Failure)
Event: 211.670 Executing VM operation: ParallelGCFailedAllocation (Allocation Failure) done
Event: 211.746 Executing VM operation: ParallelGCFailedAllocation (Allocation Failure)
Event: 211.750 Executing VM operation: ParallelGCFailedAllocation (Allocation Failure) done
Event: 212.076 Executing VM operation: ParallelGCFailedAllocation (Allocation Failure)
Event: 212.079 Executing VM operation: ParallelGCFailedAllocation (Allocation Failure) done
Event: 212.313 Executing VM operation: ParallelGCFailedAllocation (Allocation Failure)
Event: 212.319 Executing VM operation: ParallelGCFailedAllocation (Allocation Failure) done
Event: 212.332 Executing VM operation: ParallelGCFailedAllocation (Allocation Failure)
Event: 212.337 Executing VM operation: ParallelGCFailedAllocation (Allocation Failure) done
Event: 212.360 Executing VM operation: ParallelGCFailedAllocation (Allocation Failure)
Event: 212.366 Executing VM operation: ParallelGCFailedAllocation (Allocation Failure) done
Event: 213.376 Executing VM operation: Cleanup
Event: 213.376 Executing VM operation: Cleanup done
Event: 215.483 Executing VM operation: ParallelGCFailedAllocation (Allocation Failure)
Event: 215.491 Executing VM operation: ParallelGCFailedAllocation (Allocation Failure) done
Event: 216.495 Executing VM operation: Cleanup
Event: 216.496 Executing VM operation: Cleanup done
Event: 216.743 Executing VM operation: ParallelGCFailedAllocation (Allocation Failure)

Memory protections (0 events):
No events

Nmethod flushes (20 events):
Event: 111.544 Thread 0x00000192feef2d00 flushing  nmethod 0x0000019280958090
Event: 111.544 Thread 0x00000192feef2d00 flushing  nmethod 0x0000019280958410
Event: 111.544 Thread 0x00000192feef2d00 flushing  nmethod 0x000001928095a590
Event: 111.544 Thread 0x00000192feef2d00 flushing  nmethod 0x000001928095c890
Event: 111.544 Thread 0x00000192feef2d00 flushing  nmethod 0x000001928095e410
Event: 111.544 Thread 0x00000192feef2d00 flushing  nmethod 0x0000019280962890
Event: 111.544 Thread 0x00000192feef2d00 flushing  nmethod 0x0000019280989c90
Event: 111.544 Thread 0x00000192feef2d00 flushing  nmethod 0x000001928098c290
Event: 111.544 Thread 0x00000192feef2d00 flushing  nmethod 0x000001928098ff10
Event: 111.544 Thread 0x00000192feef2d00 flushing  nmethod 0x0000019280990490
Event: 111.544 Thread 0x00000192feef2d00 flushing  nmethod 0x0000019280990a10
Event: 111.544 Thread 0x00000192feef2d00 flushing  nmethod 0x0000019280991990
Event: 111.544 Thread 0x00000192feef2d00 flushing  nmethod 0x0000019280992f10
Event: 111.544 Thread 0x00000192feef2d00 flushing  nmethod 0x0000019280993290
Event: 111.544 Thread 0x00000192feef2d00 flushing  nmethod 0x0000019280993710
Event: 111.544 Thread 0x00000192feef2d00 flushing  nmethod 0x0000019280994090
Event: 111.544 Thread 0x00000192feef2d00 flushing  nmethod 0x0000019280994c10
Event: 111.544 Thread 0x00000192feef2d00 flushing  nmethod 0x0000019280995110
Event: 111.544 Thread 0x00000192feef2d00 flushing  nmethod 0x0000019280995e10
Event: 111.544 Thread 0x00000192feef2d00 flushing  nmethod 0x00000192809b6e10

Events (20 events):
Event: 175.819 Thread 0x00000192dc51a780 Thread exited: 0x00000192dc51a780
Event: 186.647 Thread 0x00000192fef28ab0 Thread added: 0x00000192db5bba80
Event: 187.576 Thread 0x00000192db5bba80 Thread exited: 0x00000192db5bba80
Event: 192.723 Thread 0x00000192fef26a10 Thread added: 0x00000192db5bcef0
Event: 194.172 Thread 0x00000192db5bcef0 Thread exited: 0x00000192db5bcef0
Event: 198.659 Thread 0x00000192fef26a10 Thread added: 0x00000192db5bdc90
Event: 199.094 Thread 0x00000192db5bdc90 Thread exited: 0x00000192db5bdc90
Event: 199.543 Thread 0x00000192fef28ab0 Thread added: 0x00000192db5bace0
Event: 199.837 Thread 0x00000192db5bace0 Thread exited: 0x00000192db5bace0
Event: 199.902 Thread 0x00000192fef28ab0 Thread added: 0x00000192db5bb3b0
Event: 199.902 Thread 0x00000192fef28ab0 Thread added: 0x00000192db5bc150
Event: 200.356 Thread 0x00000192db5bc150 Thread exited: 0x00000192db5bc150
Event: 200.761 Thread 0x00000192fef28ab0 Thread added: 0x00000192db5bcef0
Event: 201.727 Thread 0x00000192dc6fea80 Thread added: 0x00000192e75f5770
Event: 207.640 Thread 0x00000192db5bcef0 Thread exited: 0x00000192db5bcef0
Event: 207.640 Thread 0x00000192db5bb3b0 Thread exited: 0x00000192db5bb3b0
Event: 211.379 Thread 0x00000192fef28ab0 Thread added: 0x00000192db5bba80
Event: 212.076 Thread 0x00000192db5bba80 Thread exited: 0x00000192db5bba80
Event: 212.406 Thread 0x00000192fef28ab0 Thread added: 0x00000192db5be360
Event: 215.465 Thread 0x00000192db5be360 Thread exited: 0x00000192db5be360


Dynamic libraries:
0x00007ff6831a0000 - 0x00007ff6831ae000 	c:\Users\lfcna\.vscode\extensions\redhat.java-1.50.0-win32-x64\jre\21.0.9-win32-x86_64\bin\java.exe
0x00007fffa6d60000 - 0x00007fffa6fc8000 	C:\WINDOWS\SYSTEM32\ntdll.dll
0x00007fffa5f70000 - 0x00007fffa6039000 	C:\WINDOWS\System32\KERNEL32.DLL
0x00007fffa3eb0000 - 0x00007fffa42a8000 	C:\WINDOWS\System32\KERNELBASE.dll
0x00007fffa4830000 - 0x00007fffa497b000 	C:\WINDOWS\System32\ucrtbase.dll
0x00007fff95630000 - 0x00007fff9564e000 	c:\Users\lfcna\.vscode\extensions\redhat.java-1.50.0-win32-x64\jre\21.0.9-win32-x86_64\bin\VCRUNTIME140.dll
0x00007fff95610000 - 0x00007fff95628000 	c:\Users\lfcna\.vscode\extensions\redhat.java-1.50.0-win32-x64\jre\21.0.9-win32-x86_64\bin\jli.dll
0x00007fffa6460000 - 0x00007fffa6627000 	C:\WINDOWS\System32\USER32.dll
0x00007fff91140000 - 0x00007fff913d4000 	C:\WINDOWS\WinSxS\amd64_microsoft.windows.common-controls_6595b64144ccf1df_6.0.26100.7019_none_3e06ffa0e335b8a8\COMCTL32.dll
0x00007fffa4360000 - 0x00007fffa4387000 	C:\WINDOWS\System32\win32u.dll
0x00007fffa4c10000 - 0x00007fffa4cb9000 	C:\WINDOWS\System32\msvcrt.dll
0x00007fffa6630000 - 0x00007fffa665b000 	C:\WINDOWS\System32\GDI32.dll
0x00007fffa44e0000 - 0x00007fffa460c000 	C:\WINDOWS\System32\gdi32full.dll
0x00007fffa42b0000 - 0x00007fffa4353000 	C:\WINDOWS\System32\msvcp_win.dll
0x00007fffa5f30000 - 0x00007fffa5f61000 	C:\WINDOWS\System32\IMM32.DLL
0x00007fff99bd0000 - 0x00007fff99bdc000 	c:\Users\lfcna\.vscode\extensions\redhat.java-1.50.0-win32-x64\jre\21.0.9-win32-x86_64\bin\vcruntime140_1.dll
0x00007fff72020000 - 0x00007fff720ad000 	c:\Users\lfcna\.vscode\extensions\redhat.java-1.50.0-win32-x64\jre\21.0.9-win32-x86_64\bin\msvcp140.dll
0x00007fff15ca0000 - 0x00007fff16a40000 	c:\Users\lfcna\.vscode\extensions\redhat.java-1.50.0-win32-x64\jre\21.0.9-win32-x86_64\bin\server\jvm.dll
0x00007fffa4f40000 - 0x00007fffa4ff4000 	C:\WINDOWS\System32\ADVAPI32.dll
0x00007fffa6090000 - 0x00007fffa6136000 	C:\WINDOWS\System32\sechost.dll
0x00007fffa6140000 - 0x00007fffa6258000 	C:\WINDOWS\System32\RPCRT4.dll
0x00007fffa5130000 - 0x00007fffa51a4000 	C:\WINDOWS\System32\WS2_32.dll
0x00007fffa3d10000 - 0x00007fffa3d6e000 	C:\WINDOWS\SYSTEM32\POWRPROF.dll
0x00007fffa1260000 - 0x00007fffa1295000 	C:\WINDOWS\SYSTEM32\WINMM.dll
0x00007fff9cf90000 - 0x00007fff9cf9b000 	C:\WINDOWS\SYSTEM32\VERSION.dll
0x00007fffa3cf0000 - 0x00007fffa3d04000 	C:\WINDOWS\SYSTEM32\UMPDC.dll
0x00007fffa2c70000 - 0x00007fffa2c8b000 	C:\WINDOWS\SYSTEM32\kernel.appcore.dll
0x00007fff99070000 - 0x00007fff9907a000 	c:\Users\lfcna\.vscode\extensions\redhat.java-1.50.0-win32-x64\jre\21.0.9-win32-x86_64\bin\jimage.dll
0x00007fffa0df0000 - 0x00007fffa1032000 	C:\WINDOWS\SYSTEM32\DBGHELP.DLL
0x00007fffa5b70000 - 0x00007fffa5efb000 	C:\WINDOWS\System32\combase.dll
0x00007fffa4cc0000 - 0x00007fffa4d97000 	C:\WINDOWS\System32\OLEAUT32.dll
0x00007fffa11e0000 - 0x00007fffa121c000 	C:\WINDOWS\SYSTEM32\dbgcore.DLL
0x00007fffa4780000 - 0x00007fffa4825000 	C:\WINDOWS\System32\bcryptPrimitives.dll
0x00007fff959d0000 - 0x00007fff959df000 	c:\Users\lfcna\.vscode\extensions\redhat.java-1.50.0-win32-x64\jre\21.0.9-win32-x86_64\bin\instrument.dll
0x00007fff8dc10000 - 0x00007fff8dc30000 	c:\Users\lfcna\.vscode\extensions\redhat.java-1.50.0-win32-x64\jre\21.0.9-win32-x86_64\bin\java.dll
0x00007fffa51b0000 - 0x00007fffa58ff000 	C:\WINDOWS\System32\SHELL32.dll
0x00007fffa4610000 - 0x00007fffa477b000 	C:\WINDOWS\System32\wintypes.dll
0x00007fffa1b10000 - 0x00007fffa236d000 	C:\WINDOWS\SYSTEM32\windows.storage.dll
0x00007fffa6360000 - 0x00007fffa6452000 	C:\WINDOWS\System32\SHCORE.dll
0x00007fffa6260000 - 0x00007fffa62c7000 	C:\WINDOWS\System32\shlwapi.dll
0x00007fffa3dd0000 - 0x00007fffa3df9000 	C:\WINDOWS\SYSTEM32\profapi.dll
0x00007fff8dbc0000 - 0x00007fff8dbd8000 	c:\Users\lfcna\.vscode\extensions\redhat.java-1.50.0-win32-x64\jre\21.0.9-win32-x86_64\bin\zip.dll
0x00007fff957a0000 - 0x00007fff957b0000 	C:\Users\lfcna\.vscode\extensions\redhat.java-1.50.0-win32-x64\jre\21.0.9-win32-x86_64\bin\net.dll
0x00007fff972a0000 - 0x00007fff973c8000 	C:\WINDOWS\SYSTEM32\WINHTTP.dll
0x00007fffa31e0000 - 0x00007fffa324b000 	C:\WINDOWS\system32\mswsock.dll
0x00007fff8d970000 - 0x00007fff8d986000 	C:\Users\lfcna\.vscode\extensions\redhat.java-1.50.0-win32-x64\jre\21.0.9-win32-x86_64\bin\nio.dll
0x00007fff956a0000 - 0x00007fff956b0000 	c:\Users\lfcna\.vscode\extensions\redhat.java-1.50.0-win32-x64\jre\21.0.9-win32-x86_64\bin\verify.dll
0x00007fff726c0000 - 0x00007fff72704000 	C:\Users\lfcna\AppData\Roaming\Code\User\globalStorage\redhat.java\1.50.0\config_win\org.eclipse.equinox.launcher\org.eclipse.equinox.launcher.win32.win32.x86_64_1.2.1400.v20250801-0854\eclipse_11916.dll
0x00007fffa4da0000 - 0x00007fffa4f37000 	C:\WINDOWS\System32\ole32.dll
0x00007fffa34b0000 - 0x00007fffa34cb000 	C:\WINDOWS\SYSTEM32\CRYPTSP.dll
0x00007fffa2bd0000 - 0x00007fffa2c0a000 	C:\WINDOWS\system32\rsaenh.dll
0x00007fffa3290000 - 0x00007fffa32bb000 	C:\WINDOWS\SYSTEM32\USERENV.dll
0x00007fffa3da0000 - 0x00007fffa3dca000 	C:\WINDOWS\SYSTEM32\bcrypt.dll
0x00007fffa34a0000 - 0x00007fffa34ac000 	C:\WINDOWS\SYSTEM32\CRYPTBASE.dll
0x00007fffa2680000 - 0x00007fffa26b4000 	C:\WINDOWS\SYSTEM32\IPHLPAPI.DLL
0x00007fffa5f00000 - 0x00007fffa5f0a000 	C:\WINDOWS\System32\NSI.dll
0x00007fff75a30000 - 0x00007fff75a79000 	C:\Users\lfcna\AppData\Local\Temp\jna-102877596\jna1644844648016518742.dll
0x00007fffa4c00000 - 0x00007fffa4c08000 	C:\WINDOWS\System32\PSAPI.DLL
0x00007fff975f0000 - 0x00007fff9760e000 	C:\WINDOWS\SYSTEM32\dhcpcsvc6.DLL
0x00007fff97140000 - 0x00007fff97163000 	C:\WINDOWS\SYSTEM32\dhcpcsvc.DLL
0x00007fffa0990000 - 0x00007fffa099e000 	C:\Users\lfcna\.vscode\extensions\redhat.java-1.50.0-win32-x64\jre\21.0.9-win32-x86_64\bin\sunmscapi.dll
0x00007fffa4980000 - 0x00007fffa4af7000 	C:\WINDOWS\System32\CRYPT32.dll
0x00007fffa36c0000 - 0x00007fffa36f0000 	C:\WINDOWS\SYSTEM32\ncrypt.dll
0x00007fffa3670000 - 0x00007fffa36af000 	C:\WINDOWS\SYSTEM32\NTASN1.dll
0x00007fffa2710000 - 0x00007fffa283c000 	C:\WINDOWS\SYSTEM32\DNSAPI.dll
0x00007fff994f0000 - 0x00007fff994fb000 	C:\Windows\System32\rasadhlp.dll
0x00007fff969f0000 - 0x00007fff96a76000 	C:\WINDOWS\System32\fwpuclnt.dll
0x00007fff99be0000 - 0x00007fff99be9000 	C:\Users\lfcna\.vscode\extensions\redhat.java-1.50.0-win32-x64\jre\21.0.9-win32-x86_64\bin\extnet.dll

JVMTI agents:
c:\Users\lfcna\.vscode\extensions\redhat.java-1.50.0-win32-x64\lombok\lombok-1.18.39-4050.jar path:c:\Users\lfcna\.vscode\extensions\redhat.java-1.50.0-win32-x64\jre\21.0.9-win32-x86_64\bin\instrument.dll, loaded, initialized, instrumentlib options:none

dbghelp: loaded successfully - version: 4.0.5 - missing functions: none
symbol engine: initialized successfully - sym options: 0x614 - pdb path: .;c:\Users\lfcna\.vscode\extensions\redhat.java-1.50.0-win32-x64\jre\21.0.9-win32-x86_64\bin;C:\WINDOWS\SYSTEM32;C:\WINDOWS\WinSxS\amd64_microsoft.windows.common-controls_6595b64144ccf1df_6.0.26100.7019_none_3e06ffa0e335b8a8;c:\Users\lfcna\.vscode\extensions\redhat.java-1.50.0-win32-x64\jre\21.0.9-win32-x86_64\bin\server;C:\Users\lfcna\AppData\Roaming\Code\User\globalStorage\redhat.java\1.50.0\config_win\org.eclipse.equinox.launcher\org.eclipse.equinox.launcher.win32.win32.x86_64_1.2.1400.v20250801-0854;C:\Users\lfcna\AppData\Local\Temp\jna-102877596

VM Arguments:
jvm_args: --add-modules=ALL-SYSTEM --add-opens=java.base/java.util=ALL-UNNAMED --add-opens=java.base/java.lang=ALL-UNNAMED --add-opens=java.base/sun.nio.fs=ALL-UNNAMED -Declipse.application=org.eclipse.jdt.ls.core.id1 -Dosgi.bundles.defaultStartLevel=4 -Declipse.product=org.eclipse.jdt.ls.core.product -Djava.import.generatesMetadataFilesAtProjectRoot=false -DDetectVMInstallationsJob.disabled=true -Dfile.encoding=utf8 -XX:+UseParallelGC -XX:GCTimeRatio=4 -XX:AdaptiveSizePolicyWeight=90 -Dsun.zip.disableMemoryMapping=true -Xmx2G -Xms100m -Xlog:disable -javaagent:c:\Users\lfcna\.vscode\extensions\redhat.java-1.50.0-win32-x64\lombok\lombok-1.18.39-4050.jar -XX:+HeapDumpOnOutOfMemoryError -XX:HeapDumpPath=c:\Users\lfcna\AppData\Roaming\Code\User\workspaceStorage\b49f469f84d6016e9c3212f2f8b7ca54\redhat.java -Daether.dependencyCollector.impl=bf 
java_command: c:\Users\lfcna\.vscode\extensions\redhat.java-1.50.0-win32-x64\server\plugins\org.eclipse.equinox.launcher_1.7.100.v20251111-0406.jar -configuration c:\Users\lfcna\AppData\Roaming\Code\User\globalStorage\redhat.java\1.50.0\config_win -data c:\Users\lfcna\AppData\Roaming\Code\User\workspaceStorage\b49f469f84d6016e9c3212f2f8b7ca54\redhat.java\jdt_ws --pipe=\\.\pipe\lsp-455f1b437bbb36a265a2f44fdbcad6d1-sock
java_class_path (initial): c:\Users\lfcna\.vscode\extensions\redhat.java-1.50.0-win32-x64\server\plugins\org.eclipse.equinox.launcher_1.7.100.v20251111-0406.jar
Launcher Type: SUN_STANDARD

[Global flags]
    uintx AdaptiveSizePolicyWeight                 = 90                                        {product} {command line}
     intx CICompilerCount                          = 4                                         {product} {ergonomic}
    uintx GCTimeRatio                              = 4                                         {product} {command line}
     bool HeapDumpOnOutOfMemoryError               = true                                   {manageable} {command line}
    ccstr HeapDumpPath                             = c:\Users\lfcna\AppData\Roaming\Code\User\workspaceStorage\b49f469f84d6016e9c3212f2f8b7ca54\redhat.java         {manageable} {command line}
   size_t InitialHeapSize                          = 104857600                                 {product} {command line}
   size_t MaxHeapSize                              = 2147483648                                {product} {command line}
   size_t MaxNewSize                               = 715653120                                 {product} {ergonomic}
   size_t MinHeapDeltaBytes                        = 524288                                    {product} {ergonomic}
   size_t MinHeapSize                              = 104857600                                 {product} {command line}
   size_t NewSize                                  = 34603008                                  {product} {ergonomic}
    uintx NonNMethodCodeHeapSize                   = 5839372                                {pd product} {ergonomic}
    uintx NonProfiledCodeHeapSize                  = 122909434                              {pd product} {ergonomic}
   size_t OldSize                                  = 70254592                                  {product} {ergonomic}
    uintx ProfiledCodeHeapSize                     = 122909434                              {pd product} {ergonomic}
    uintx ReservedCodeCacheSize                    = 251658240                              {pd product} {ergonomic}
     bool SegmentedCodeCache                       = true                                      {product} {ergonomic}
   size_t SoftMaxHeapSize                          = 2147483648                             {manageable} {ergonomic}
     bool UseCompressedOops                        = true                           {product lp64_product} {ergonomic}
     bool UseLargePagesIndividualAllocation        = false                                  {pd product} {ergonomic}
     bool UseParallelGC                            = true                                      {product} {command line}

Logging:
Log output configuration:
 #0: stdout all=off uptime,level,tags foldmultilines=false
 #1: stderr all=off uptime,level,tags foldmultilines=false

Release file:
JAVA_VERSION="21.0.9" 
MODULES="java.base java.compiler java.datatransfer java.xml java.prefs java.desktop java.instrument java.logging java.management java.security.sasl java.naming java.rmi java.management.rmi java.net.http java.scripting java.security.jgss java.transaction.xa java.sql java.sql.rowset java.xml.crypto java.se java.smartcardio jdk.accessibility jdk.internal.jvmstat jdk.attach jdk.charsets jdk.internal.opt jdk.zipfs jdk.compiler jdk.crypto.ec jdk.crypto.cryptoki jdk.crypto.mscapi jdk.dynalink jdk.internal.ed jdk.editpad jdk.hotspot.agent jdk.httpserver jdk.internal.le jdk.internal.vm.ci jdk.internal.vm.compiler jdk.internal.vm.compiler.management jdk.jartool jdk.javadoc jdk.jcmd jdk.management jdk.management.agent jdk.jconsole jdk.jdeps jdk.jdwp.agent jdk.jdi jdk.jfr jdk.jshell jdk.jsobject jdk.jstatd jdk.localedata jdk.management.jfr jdk.naming.dns jdk.naming.rmi jdk.net jdk.nio.mapmode jdk.random jdk.sctp jdk.security.auth jdk.security.jgss jdk.unsupported jdk.unsupported.desktop jdk.xml.dom" 

Environment Variables:
PATH=C:\ProgramData\Oracle\Java\javapath;C:\Program Files\Common Files\Oracle\Java\javapath;C:\Program Files (x86)\NVIDIA Corporation\PhysX\Common;C:\WINDOWS\system32;C:\WINDOWS;C:\WINDOWS\System32\Wbem;C:\WINDOWS\System32\WindowsPowerShell\v1.0\;C:\WINDOWS\System32\OpenSSH\;C:\Program Files\dotnet\;C:\Program Files\Git\cmd;C:\Program Files\nodejs\;C:\maven-mvnd-1.0.2-windows-amd64\maven-mvnd-1.0.2-windows-amd64\bin;C:\Program Files\SafeNet\Authentication\SAC\x64;C:\Program Files\SafeNet\Authentication\SAC\x32;C:\Users\lfcna\AppData\Local\Microsoft\WindowsApps;C:\Users\lfcna\AppData\Local\Programs\Microsoft VS Code\bin;C:\Users\lfcna\AppData\Roaming\npm;C:\Users\lfcna\AppData\Local\GitHubDesktop\bin
USERNAME=lfcna
OS=Windows_NT
PROCESSOR_IDENTIFIER=AMD64 Family 23 Model 24 Stepping 1, AuthenticAMD
TMP=C:\Users\lfcna\AppData\Local\Temp
TEMP=C:\Users\lfcna\AppData\Local\Temp




Periodic native trim disabled

---------------  S Y S T E M  ---------------

OS:
 Windows 11 , 64 bit Build 26100 (10.0.26100.7019)
OS uptime: 7 days 21:39 hours

CPU: total 8 (initial active 8) (8 cores per cpu, 2 threads per core) family 23 model 24 stepping 1 microcode 0x810810d, cx8, cmov, fxsr, ht, mmx, 3dnowpref, sse, sse2, sse3, ssse3, sse4a, sse4.1, sse4.2, popcnt, lzcnt, tsc, tscinvbit, avx, avx2, aes, clmul, bmi1, bmi2, adx, sha, fma, vzeroupper, clflush, clflushopt, rdtscp, f16c
Processor Information for the first 8 processors :
  Max Mhz: 2100, Current Mhz: 2100, Mhz Limit: 2100

Memory: 4k page, system-wide physical 6030M (446M free)
TotalPageFile size 24462M (AvailPageFile size 52M)
current process WorkingSet (physical memory assigned to process): 345M, peak: 508M
current process commit charge ("private bytes"): 829M, peak: 833M

vm_info: OpenJDK 64-Bit Server VM (21.0.9+10-LTS) for windows-amd64 JRE (21.0.9+10-LTS), built on 2025-10-21T00:00:00Z by "admin" with unknown MS VC++:1942

END.
